Show timing is off.
Random seed is set to 0.
==========================================
prog TELEPORT
==========================================
pcheck in TELEPORT with 'P=? [F "target"]' --backend=Storm .

Time for state transition graph construction with states: 14



Result (for initial states): 1

Bye.
