Show timing is off.
Random seed is set to 0.
==========================================
prog LOOP
==========================================
pcheck in LOOP with 'P>=1 [F "target"]' --backend=Storm .

Time for state transition graph construction with states: 4



Result (for initial states): true

Bye.
